Last login: Mon Feb 21 15:06:26 on ttys000
erika@Ezequiels-MacBook-Pro ~ % cd documents/trybe/     
erika@Ezequiels-MacBook-Pro trybe % cd exercicios
erika@Ezequiels-MacBook-Pro exercicios % touch .gitignore
erika@Ezequiels-MacBook-Pro exercicios % ls
Fundamentos
erika@Ezequiels-MacBook-Pro exercicios % ls -la
total 16
drwxr-xr-x  5 erika  staff   160 21 Fev 15:33 .
drwxr-xr-x  7 erika  staff   224 18 Fev 20:15 ..
-rw-r--r--@ 1 erika  staff  6148 21 Fev 09:24 .DS_Store
-rw-r--r--  1 erika  staff     0 21 Fev 15:33 .gitignore
drwxr-xr-x  5 erika  staff   160 21 Fev 09:29 Fundamentos
erika@Ezequiels-MacBook-Pro exercicios % git status
On branch master
Untracked files:
  (use "git add <file>..." to include in what will be committed)

	.gitignore
	Fundamentos/Bloco1/bloco-1-dia-04/Git log.txt

nothing added to commit but untracked files present (use "git add" to track)
erika@Ezequiels-MacBook-Pro exercicios % git add .
erika@Ezequiels-MacBook-Pro exercicios % git status
On branch master
Changes to be committed:
  (use "git reset HEAD <file>..." to unstage)

	new file:   .gitignore
	new file:   Fundamentos/Bloco1/bloco-1-dia-04/Git log.txt

erika@Ezequiels-MacBook-Pro exercicios % clear

erika@Ezequiels-MacBook-Pro exercicios % cat > .gitignore  
*5_motivos_para_* 
clone dietorio GitHub
Git Log.txt
bunch_of_things_ordenado.txt
Renomear diretorio trybe.txt
^C
erika@Ezequiels-MacBook-Pro exercicios % git status
On branch master
Changes to be committed:
  (use "git reset HEAD <file>..." to unstage)

	new file:   .gitignore
	new file:   Fundamentos/Bloco1/bloco-1-dia-04/Git log.txt

Changes not staged for commit:
  (use "git add <file>..." to update what will be committed)
  (use "git checkout -- <file>..." to discard changes in working directory)

	modified:   .gitignore

erika@Ezequiels-MacBook-Pro exercicios % git add .gitignore
erika@Ezequiels-MacBook-Pro exercicios % git comit -m "esconde arquivos de teste"
git: 'comit' is not a git command. See 'git --help'.

The most similar command is
	commit
erika@Ezequiels-MacBook-Pro exercicios % git commit -m "esconde arquivos de teste"
[master f21d770] esconde arquivos de teste
 2 files changed, 158 insertions(+)
 create mode 100644 Exercicios/.gitignore
 create mode 100644 Exercicios/Fundamentos/Bloco1/bloco-1-dia-04/Git log.txt
erika@Ezequiels-MacBook-Pro exercicios % cat .gitignore
*5_motivos_para_*
clone dietorio GitHub
Git Log.txt
bunch_of_things_ordenado.txt
Renomear diretorio trybe.txt
erika@Ezequiels-MacBook-Pro exercicios % cat >> .gitignore
Gitignore.txt
^C
erika@Ezequiels-MacBook-Pro exercicios % 
