Last login: Mon Feb 21 15:53:09 on ttys000
erika@Ezequiels-MacBook-Pro ~ % cd documents/trybe
erika@Ezequiels-MacBook-Pro trybe % git status
On branch master
Changes not staged for commit:
  (use "git add/rm <file>..." to update what will be committed)
  (use "git checkout -- <file>..." to discard changes in working directory)

	deleted:    Exercicios/Fundamentos/Bloco2/Parte 1 - Chave SSH git to github
	deleted:    Exercicios/Fundamentos/Bloco2/Parte 1 - Instalação e configuração
	deleted:    Exercicios/Fundamentos/Bloco2/Parte 1 - Instalação e configuração parte II
	deleted:    Exercicios/Fundamentos/Bloco2/Parte 1 - Instalação e configuração parte III

Untracked files:
  (use "git add <file>..." to include in what will be committed)

	Exercicios/Fundamentos/Bloco1/bloco-1-dia-04/UpLoad diretorio no GitHub
	Exercicios/Fundamentos/Bloco2/git-dia-01/

no changes added to commit (use "git add" and/or "git commit -a")
erika@Ezequiels-MacBook-Pro trybe % git add .
erika@Ezequiels-MacBook-Pro trybe % git commit "atualização da organização dos diretórios"
error: pathspec 'atualização da organização dos diretórios' did not match any file(s) known to git.
erika@Ezequiels-MacBook-Pro trybe % git commit -m "atualização da organização dos diretórios"
[master 47d2331] atualização da organização dos diretórios
 5 files changed, 107 insertions(+)
 create mode 100644 Exercicios/Fundamentos/Bloco1/bloco-1-dia-04/UpLoad diretorio no GitHub
 rename Exercicios/Fundamentos/Bloco2/{ => git-dia-01}/Parte 1 - Chave SSH git to github (100%)
 rename Exercicios/Fundamentos/Bloco2/{ => git-dia-01}/Parte 1 - Instalação e configuração (100%)
 rename Exercicios/Fundamentos/Bloco2/{ => git-dia-01}/Parte 1 - Instalação e configuração parte II (100%)
 rename Exercicios/Fundamentos/Bloco2/{ => git-dia-01}/Parte 1 - Instalação e configuração parte III (100%)
erika@Ezequiels-MacBook-Pro trybe % git status
On branch master
nothing to commit, working tree clean
erika@Ezequiels-MacBook-Pro trybe % git push
fatal: The current branch master has no upstream branch.
To push the current branch and set the remote as upstream, use

    git push --set-upstream origin master

erika@Ezequiels-MacBook-Pro trybe % git checkout main
error: pathspec 'main' did not match any file(s) known to git.
erika@Ezequiels-MacBook-Pro trybe % git push -u origin main
error: src refspec main does not match any.
error: failed to push some refs to 'git@github.com:erikadeolima/trybe-exercicios.git'
erika@Ezequiels-MacBook-Pro trybe % git branch
* master
erika@Ezequiels-MacBook-Pro trybe % cd ..
erika@Ezequiels-MacBook-Pro documents % git add trybe/
fatal: Not a git repository (or any of the parent directories): .git
erika@Ezequiels-MacBook-Pro documents % cd trybe
erika@Ezequiels-MacBook-Pro trybe % git status
On branch master
nothing to commit, working tree clean
erika@Ezequiels-MacBook-Pro trybe % git push origin -u trybe
error: src refspec trybe does not match any.
error: failed to push some refs to 'git@github.com:erikadeolima/trybe-exercicios.git'
erika@Ezequiels-MacBook-Pro trybe % git branch -M main      
erika@Ezequiels-MacBook-Pro trybe % git push -u origin main
Enter passphrase for key '/Users/erika/.ssh/id_rsa': 
Counting objects: 47, done.
Delta compression using up to 4 threads.
Compressing objects: 100% (45/45), done.
Writing objects: 100% (47/47), 15.55 KiB | 1.94 MiB/s, done.
Total 47 (delta 11), reused 0 (delta 0)
remote: Resolving deltas: 100% (11/11), completed with 1 local object.
remote: 
remote: Create a pull request for 'main' on GitHub by visiting:
remote:      https://github.com/erikadeolima/trybe-exercicios/pull/new/main
remote: 
To github.com:erikadeolima/trybe-exercicios.git
 * [new branch]      main -> main
Branch 'main' set up to track remote branch 'main' from 'origin'.
erika@Ezequiels-MacBook-Pro trybe % 
